
T5570.hs:7:16: error:
    • Expecting a lifted type, but ‘Double#’ is unlifted
    • In the first argument of ‘($)’, namely ‘D#’
      In the second argument of ‘($)’, namely ‘D# $ 3.0##’
      In the expression: print $ D# $ 3.0##
