
T7809.hs:8:8: error:
    • Illegal polymorphic type: forall a. a -> a
      Perhaps you intended to use ImpredicativeTypes
    • In the expansion of type synonym ‘PolyId’
      In the type signature: foo :: F PolyId
