
<interactive>:1:1: error:
    • Found hole: _ :: t
      Where: ‘t’ is a rigid type variable bound by
               the inferred type of it :: t
               at <interactive>:1:1
    • In an equation for ‘it’: it = _
    • Relevant bindings include it :: t (bound at <interactive>:1:1)
