
T17332.hs:13:7: error:
    • Could not deduce: a arising from a use of ‘MkDict’
    • In the expression: MkDict
      In an equation for ‘aux’: aux = MkDict
