
T15694.hs:22:35: error:
    • Expected kind ‘k1 -> k00’, but ‘f a1’ has kind ‘ks’
      ‘ks’ is a rigid type variable bound by
        the data constructor ‘ASSO’
        at T15694.hs:18:30-31
    • In the first argument of ‘(~~)’, namely ‘f a1 a2’
