($) :: (a -> b) -> a -> b
(($)) :: (a -> b) -> a -> b
($) :: (a -> b) -> a -> b 	-- Defined in ‘GHC.Base’
infixr 0 $
($)
  :: forall (r :: GHC.Types.RuntimeRep) a (b :: TYPE r).
     (a -> b) -> a -> b
(($))
  :: forall (r :: GHC.Types.RuntimeRep) a (b :: TYPE r).
     (a -> b) -> a -> b
($) ::
  forall (r :: GHC.Types.RuntimeRep) a (b :: TYPE r).
  (a -> b) -> a -> b
  	-- Defined in ‘GHC.Base’
infixr 0 $
