
==================== Parser AST ====================

({ DumpParsedAst.hs:1:1 }
 (HsModule
  (VirtualBraces
   (1))
  (Just
   ({ DumpParsedAst.hs:4:8-20 }
    {ModuleName: DumpParsedAst}))
  (Nothing)
  [({ DumpParsedAst.hs:5:1-16 }
    (ImportDecl
     (ApiAnn
      [(AddApiAnn AnnImport { DumpParsedAst.hs:5:1-6 })]
      [])
     (NoSourceText)
     ({ DumpParsedAst.hs:5:8-16 }
      {ModuleName: Data.Kind})
     (Nothing)
     (NotBoot)
     (False)
     (NotQualified)
     (False)
     (Nothing)
     (Nothing)))]
  [({ DumpParsedAst.hs:7:1-30 }
    (TyClD
     (NoExtField)
     (DataDecl
      (ApiAnn
       [(AddApiAnn AnnData { DumpParsedAst.hs:7:1-4 })
       ,(AddApiAnn AnnEqual { DumpParsedAst.hs:7:12 })]
       [(nnnnnnnn
         (AnnLineComment
          "parser has not filled in annotation commments properly here"))])
      (SrcSpanAnn (ApiAnnNotUsed) { DumpParsedAst.hs:7:6-10 }
       (Unqual
        {OccName: Peano}))
      (HsQTvs
       (NoExtField)
       [])
      (Prefix)
      (HsDataDefn
       (NoExtField)
       (DataType)
       ({ <no location info> }
        [])
       (Nothing)
       (Nothing)
       [({ DumpParsedAst.hs:7:14-17 }
         (ConDeclH98
          (NoExtField)
          (SrcSpanAnn (ApiAnnNotUsed) { DumpParsedAst.hs:7:14-17 }
           (Unqual
            {OccName: Zero}))
          ({ <no location info> }
           (False))
          []
          (Nothing)
          (PrefixCon
           [])
          (Nothing)))
       ,({ DumpParsedAst.hs:7:21-30 }
         (ConDeclH98
          (NoExtField)
          (SrcSpanAnn (ApiAnnNotUsed) { DumpParsedAst.hs:7:21-24 }
           (Unqual
            {OccName: Succ}))
          ({ <no location info> }
           (False))
          []
          (Nothing)
          (PrefixCon
           [(HsScaled
             (HsLinearArrow)
             ({ DumpParsedAst.hs:7:26-30 }
              (HsTyVar
               (NoExtField)
               (NotPromoted)
               ({ DumpParsedAst.hs:7:26-30 }
                (Unqual
                 {OccName: Peano})))))])
          (Nothing)))]
       ({ <no location info> }
        [])))))
  ,({ DumpParsedAst.hs:9:1-39 }
    (TyClD
     (NoExtField)
     (FamDecl
      (ApiAnn
       [(AddApiAnn AnnType { DumpParsedAst.hs:9:1-4 })
       ,(AddApiAnn AnnFamily { DumpParsedAst.hs:9:6-11 })
       ,(AddApiAnn AnnDcolon { DumpParsedAst.hs:9:32-33 })
       ,(AddApiAnn AnnWhere { DumpParsedAst.hs:9:41-45 })
       ,(AddApiAnn AnnCloseP { DumpParsedAst.hs:9:30 })
       ,(AddApiAnn AnnOpenP { DumpParsedAst.hs:9:20 })]
       [(nnnnnnnn
         (AnnLineComment
          "parser has not filled in annotation commments properly here"))])
      (FamilyDecl
       (NoExtField)
       (ClosedTypeFamily
        (Just
         [({ DumpParsedAst.hs:10:3-36 }
           (HsIB
            (NoExtField)
            (FamEqn
             (NoExtField)
             (SrcSpanAnn (ApiAnnNotUsed) { DumpParsedAst.hs:10:3-8 }
              (Unqual
               {OccName: Length}))
             (Nothing)
             [(HsValArg
               ({ DumpParsedAst.hs:10:10-17 }
                (HsParTy
                 (ApiAnn
                  [(AddApiAnn AnnOpenP { DumpParsedAst.hs:10:10 })
                  ,(AddApiAnn AnnCloseP { DumpParsedAst.hs:10:17 })]
                  [])
                 ({ DumpParsedAst.hs:10:11-16 }
                  (HsOpTy
                   (ApiAnnNotUsed)
                   ({ DumpParsedAst.hs:10:11 }
                    (HsTyVar
                     (ApiAnn
                      []
                      [(nnnnnnnn
                        (AnnLineComment
                         "parser has not filled in annotation commments properly here"))])
                     (NotPromoted)
                     (SrcSpanAnn (ApiAnnNotUsed) { DumpParsedAst.hs:10:11 }
                      (Unqual
                       {OccName: a}))))
                   (SrcSpanAnn (ApiAnnNotUsed) { DumpParsedAst.hs:10:13 }
                    (Exact
                     {Name: :}))
                   ({ DumpParsedAst.hs:10:15-16 }
                    (HsTyVar
                     (ApiAnn
                      []
                      [(nnnnnnnn
                        (AnnLineComment
                         "parser has not filled in annotation commments properly here"))])
                     (NotPromoted)
                     (SrcSpanAnn (ApiAnnNotUsed) { DumpParsedAst.hs:10:15-16 }
                      (Unqual
                       {OccName: as})))))))))]
             (Prefix)
             ({ DumpParsedAst.hs:10:21-36 }
              (HsAppTy
               (NoExtField)
               ({ DumpParsedAst.hs:10:21-24 }
                (HsTyVar
                 (ApiAnn
                  []
                  [(nnnnnnnn
                    (AnnLineComment
                     "parser has not filled in annotation commments properly here"))])
                 (NotPromoted)
                 (SrcSpanAnn (ApiAnnNotUsed) { DumpParsedAst.hs:10:21-24 }
                  (Unqual
                   {OccName: Succ}))))
               ({ DumpParsedAst.hs:10:26-36 }
                (HsParTy
                 (ApiAnn
                  [(AddApiAnn AnnOpenP { DumpParsedAst.hs:10:26 })
                  ,(AddApiAnn AnnCloseP { DumpParsedAst.hs:10:36 })]
                  [])
                 ({ DumpParsedAst.hs:10:27-35 }
                  (HsAppTy
                   (NoExtField)
                   ({ DumpParsedAst.hs:10:27-32 }
                    (HsTyVar
                     (ApiAnn
                      []
                      [(nnnnnnnn
                        (AnnLineComment
                         "parser has not filled in annotation commments properly here"))])
                     (NotPromoted)
                     (SrcSpanAnn (ApiAnnNotUsed) { DumpParsedAst.hs:10:27-32 }
                      (Unqual
                       {OccName: Length}))))
                   ({ DumpParsedAst.hs:10:34-35 }
                    (HsTyVar
                     (ApiAnn
                      []
                      [(nnnnnnnn
                        (AnnLineComment
                         "parser has not filled in annotation commments properly here"))])
                     (NotPromoted)
                     (SrcSpanAnn (ApiAnnNotUsed) { DumpParsedAst.hs:10:34-35 }
                      (Unqual
                       {OccName: as})))))))))))))
         ,({ DumpParsedAst.hs:11:3-24 }
           (HsIB
            (NoExtField)
            (FamEqn
             (NoExtField)
             (SrcSpanAnn (ApiAnnNotUsed) { DumpParsedAst.hs:11:3-8 }
              (Unqual
               {OccName: Length}))
             (Nothing)
             [(HsValArg
               ({ DumpParsedAst.hs:11:10-12 }
                (HsExplicitListTy
                 (ApiAnn
                  [(AddApiAnn AnnSimpleQuote { DumpParsedAst.hs:11:10 })
                  ,(AddApiAnn AnnOpenS { DumpParsedAst.hs:11:11 })
                  ,(AddApiAnn AnnCloseS { DumpParsedAst.hs:11:12 })]
                  [])
                 (IsPromoted)
                 [])))]
             (Prefix)
             ({ DumpParsedAst.hs:11:21-24 }
              (HsTyVar
               (ApiAnn
                []
                [(nnnnnnnn
                  (AnnLineComment
                   "parser has not filled in annotation commments properly here"))])
               (NotPromoted)
               (SrcSpanAnn (ApiAnnNotUsed) { DumpParsedAst.hs:11:21-24 }
                (Unqual
                 {OccName: Zero})))))))]))
       (SrcSpanAnn (ApiAnnNotUsed) { DumpParsedAst.hs:9:13-18 }
        (Unqual
         {OccName: Length}))
       (HsQTvs
        (NoExtField)
        [({ DumpParsedAst.hs:9:21-29 }
          (KindedTyVar
           (NoExtField)
           (())
           ({ DumpParsedAst.hs:9:21-22 }
            (Unqual
             {OccName: as}))
           ({ DumpParsedAst.hs:9:27-29 }
            (HsListTy
             (ApiAnn
              [(AddApiAnn AnnOpenS { DumpParsedAst.hs:9:27 })
              ,(AddApiAnn AnnCloseS { DumpParsedAst.hs:9:29 })]
              [])
             ({ DumpParsedAst.hs:9:28 }
              (HsTyVar
               (ApiAnn
                []
                [(nnnnnnnn
                  (AnnLineComment
                   "parser has not filled in annotation commments properly here"))])
               (NotPromoted)
               (SrcSpanAnn (ApiAnnNotUsed) { DumpParsedAst.hs:9:28 }
                (Unqual
                 {OccName: k}))))))))])
       (Prefix)
       ({ DumpParsedAst.hs:9:32-39 }
        (KindSig
         (NoExtField)
         ({ DumpParsedAst.hs:9:35-39 }
          (HsTyVar
           (ApiAnn
            []
            [(nnnnnnnn
              (AnnLineComment
               "parser has not filled in annotation commments properly here"))])
           (NotPromoted)
           (SrcSpanAnn (ApiAnnNotUsed) { DumpParsedAst.hs:9:35-39 }
            (Unqual
             {OccName: Peano}))))))
       (Nothing)))))
  ,({ DumpParsedAst.hs:14:1-29 }
    (TyClD
     (NoExtField)
     (DataDecl
      (ApiAnn
       [(AddApiAnn AnnData { DumpParsedAst.hs:14:1-4 })
       ,(AddApiAnn AnnEqual { DumpParsedAst.hs:14:19 })
       ,(AddApiAnn AnnCloseP { DumpParsedAst.hs:14:17 })
       ,(AddApiAnn AnnOpenP { DumpParsedAst.hs:14:10 })]
       [(nnnnnnnn
         (AnnLineComment
          "parser has not filled in annotation commments properly here"))])
      (SrcSpanAnn (ApiAnnNotUsed) { DumpParsedAst.hs:14:6 }
       (Unqual
        {OccName: T}))
      (HsQTvs
       (NoExtField)
       [({ DumpParsedAst.hs:14:8 }
         (UserTyVar
          (NoExtField)
          (())
          ({ DumpParsedAst.hs:14:8 }
           (Unqual
            {OccName: f}))))
       ,({ DumpParsedAst.hs:14:11-16 }
         (KindedTyVar
          (NoExtField)
          (())
          ({ DumpParsedAst.hs:14:11 }
           (Unqual
            {OccName: a}))
          ({ DumpParsedAst.hs:14:16 }
           (HsTyVar
            (ApiAnn
             []
             [(nnnnnnnn
               (AnnLineComment
                "parser has not filled in annotation commments properly here"))])
            (NotPromoted)
            (SrcSpanAnn (ApiAnnNotUsed) { DumpParsedAst.hs:14:16 }
             (Unqual
              {OccName: k}))))))])
      (Prefix)
      (HsDataDefn
       (NoExtField)
       (DataType)
       ({ <no location info> }
        [])
       (Nothing)
       (Nothing)
       [({ DumpParsedAst.hs:14:21-29 }
         (ConDeclH98
          (NoExtField)
          (SrcSpanAnn (ApiAnnNotUsed) { DumpParsedAst.hs:14:21-23 }
           (Unqual
            {OccName: MkT}))
          ({ <no location info> }
           (False))
          []
          (Nothing)
          (PrefixCon
           [(HsScaled
             (HsLinearArrow)
             ({ DumpParsedAst.hs:14:25-29 }
              (HsParTy
               (NoExtField)
               ({ DumpParsedAst.hs:14:26-28 }
                (HsAppTy
                 (NoExtField)
                 ({ DumpParsedAst.hs:14:26 }
                  (HsTyVar
                   (NoExtField)
                   (NotPromoted)
                   ({ DumpParsedAst.hs:14:26 }
                    (Unqual
                     {OccName: f}))))
                 ({ DumpParsedAst.hs:14:28 }
                  (HsTyVar
                   (NoExtField)
                   (NotPromoted)
                   ({ DumpParsedAst.hs:14:28 }
                    (Unqual
                     {OccName: a})))))))))])
          (Nothing)))]
       ({ <no location info> }
        [])))))
  ,({ DumpParsedAst.hs:16:1-48 }
    (TyClD
     (NoExtField)
     (FamDecl
      (ApiAnn
       [(AddApiAnn AnnType { DumpParsedAst.hs:16:1-4 })
       ,(AddApiAnn AnnFamily { DumpParsedAst.hs:16:6-11 })
       ,(AddApiAnn AnnDcolon { DumpParsedAst.hs:16:42-43 })
       ,(AddApiAnn AnnWhere { DumpParsedAst.hs:16:50-54 })
       ,(AddApiAnn AnnCloseP { DumpParsedAst.hs:16:23 })
       ,(AddApiAnn AnnOpenP { DumpParsedAst.hs:16:16 })
       ,(AddApiAnn AnnCloseP { DumpParsedAst.hs:16:40 })
       ,(AddApiAnn AnnOpenP { DumpParsedAst.hs:16:25 })]
       [(nnnnnnnn
         (AnnLineComment
          "parser has not filled in annotation commments properly here"))])
      (FamilyDecl
       (NoExtField)
       (ClosedTypeFamily
        (Just
         [({ DumpParsedAst.hs:17:3-30 }
           (HsIB
            (NoExtField)
            (FamEqn
             (NoExtField)
             (SrcSpanAnn (ApiAnnNotUsed) { DumpParsedAst.hs:17:3-4 }
              (Unqual
               {OccName: F1}))
             (Nothing)
             [(HsTypeArg
               { DumpParsedAst.hs:17:6-11 }
               ({ DumpParsedAst.hs:17:7-11 }
                (HsTyVar
                 (ApiAnn
                  []
                  [(nnnnnnnn
                    (AnnLineComment
                     "parser has not filled in annotation commments properly here"))])
                 (NotPromoted)
                 (SrcSpanAnn (ApiAnnNotUsed) { DumpParsedAst.hs:17:7-11 }
                  (Unqual
                   {OccName: Peano})))))
             ,(HsValArg
               ({ DumpParsedAst.hs:17:13 }
                (HsTyVar
                 (ApiAnn
                  []
                  [(nnnnnnnn
                    (AnnLineComment
                     "parser has not filled in annotation commments properly here"))])
                 (NotPromoted)
                 (SrcSpanAnn (ApiAnnNotUsed) { DumpParsedAst.hs:17:13 }
                  (Unqual
                   {OccName: a})))))
             ,(HsValArg
               ({ DumpParsedAst.hs:17:15 }
                (HsTyVar
                 (ApiAnn
                  []
                  [(nnnnnnnn
                    (AnnLineComment
                     "parser has not filled in annotation commments properly here"))])
                 (NotPromoted)
                 (SrcSpanAnn (ApiAnnNotUsed) { DumpParsedAst.hs:17:15 }
                  (Unqual
                   {OccName: f})))))]
             (Prefix)
             ({ DumpParsedAst.hs:17:19-30 }
              (HsAppTy
               (NoExtField)
               ({ DumpParsedAst.hs:17:19-28 }
                (HsAppTy
                 (NoExtField)
                 ({ DumpParsedAst.hs:17:19-26 }
                  (HsAppKindTy
                   { DumpParsedAst.hs:17:21-26 }
                   ({ DumpParsedAst.hs:17:19 }
                    (HsTyVar
                     (ApiAnn
                      []
                      [(nnnnnnnn
                        (AnnLineComment
                         "parser has not filled in annotation commments properly here"))])
                     (NotPromoted)
                     (SrcSpanAnn (ApiAnnNotUsed) { DumpParsedAst.hs:17:19 }
                      (Unqual
                       {OccName: T}))))
                   ({ DumpParsedAst.hs:17:22-26 }
                    (HsTyVar
                     (ApiAnn
                      []
                      [(nnnnnnnn
                        (AnnLineComment
                         "parser has not filled in annotation commments properly here"))])
                     (NotPromoted)
                     (SrcSpanAnn (ApiAnnNotUsed) { DumpParsedAst.hs:17:22-26 }
                      (Unqual
                       {OccName: Peano}))))))
                 ({ DumpParsedAst.hs:17:28 }
                  (HsTyVar
                   (ApiAnn
                    []
                    [(nnnnnnnn
                      (AnnLineComment
                       "parser has not filled in annotation commments properly here"))])
                   (NotPromoted)
                   (SrcSpanAnn (ApiAnnNotUsed) { DumpParsedAst.hs:17:28 }
                    (Unqual
                     {OccName: f}))))))
               ({ DumpParsedAst.hs:17:30 }
                (HsTyVar
                 (ApiAnn
                  []
                  [(nnnnnnnn
                    (AnnLineComment
                     "parser has not filled in annotation commments properly here"))])
                 (NotPromoted)
                 (SrcSpanAnn (ApiAnnNotUsed) { DumpParsedAst.hs:17:30 }
                  (Unqual
                   {OccName: a})))))))))]))
       (SrcSpanAnn (ApiAnnNotUsed) { DumpParsedAst.hs:16:13-14 }
        (Unqual
         {OccName: F1}))
       (HsQTvs
        (NoExtField)
        [({ DumpParsedAst.hs:16:17-22 }
          (KindedTyVar
           (NoExtField)
           (())
           ({ DumpParsedAst.hs:16:17 }
            (Unqual
             {OccName: a}))
           ({ DumpParsedAst.hs:16:22 }
            (HsTyVar
             (ApiAnn
              []
              [(nnnnnnnn
                (AnnLineComment
                 "parser has not filled in annotation commments properly here"))])
             (NotPromoted)
             (SrcSpanAnn (ApiAnnNotUsed) { DumpParsedAst.hs:16:22 }
              (Unqual
               {OccName: k}))))))
        ,({ DumpParsedAst.hs:16:26-39 }
          (KindedTyVar
           (NoExtField)
           (())
           ({ DumpParsedAst.hs:16:26 }
            (Unqual
             {OccName: f}))
           ({ DumpParsedAst.hs:16:31-39 }
            (HsFunTy
             (NoExtField)
             (HsUnrestrictedArrow)
             ({ DumpParsedAst.hs:16:31 }
              (HsTyVar
               (ApiAnn
                []
                [(nnnnnnnn
                  (AnnLineComment
                   "parser has not filled in annotation commments properly here"))])
               (NotPromoted)
               (SrcSpanAnn (ApiAnnNotUsed) { DumpParsedAst.hs:16:31 }
                (Unqual
                 {OccName: k}))))
             ({ DumpParsedAst.hs:16:36-39 }
              (HsTyVar
               (ApiAnn
                []
                [(nnnnnnnn
                  (AnnLineComment
                   "parser has not filled in annotation commments properly here"))])
               (NotPromoted)
               (SrcSpanAnn (ApiAnnNotUsed) { DumpParsedAst.hs:16:36-39 }
                (Unqual
                 {OccName: Type}))))))))])
       (Prefix)
       ({ DumpParsedAst.hs:16:42-48 }
        (KindSig
         (NoExtField)
         ({ DumpParsedAst.hs:16:45-48 }
          (HsTyVar
           (ApiAnn
            []
            [(nnnnnnnn
              (AnnLineComment
               "parser has not filled in annotation commments properly here"))])
           (NotPromoted)
           (SrcSpanAnn (ApiAnnNotUsed) { DumpParsedAst.hs:16:45-48 }
            (Unqual
             {OccName: Type}))))))
       (Nothing)))))
  ,({ DumpParsedAst.hs:19:1-23 }
    (ValD
     (NoExtField)
     (FunBind
      (ApiAnnNotUsed)
      (SrcSpanAnn (ApiAnnNotUsed) { DumpParsedAst.hs:19:1-4 }
       (Unqual
        {OccName: main}))
      (MG
       (NoExtField)
       ({ DumpParsedAst.hs:19:1-23 }
        [({ DumpParsedAst.hs:19:1-23 }
          (Match
           (NoExtField)
           (FunRhs
            (SrcSpanAnn (ApiAnnNotUsed) { DumpParsedAst.hs:19:1-4 }
             (Unqual
              {OccName: main}))
            (Prefix)
            (NoSrcStrict))
           []
           (GRHSs
            (NoExtField)
            [({ DumpParsedAst.hs:19:6-23 }
              (GRHS
               (NoExtField)
               []
               ({ DumpParsedAst.hs:19:8-23 }
                (HsApp
                 (ApiAnn
                  (NoApiAnns)
                  [])
                 ({ DumpParsedAst.hs:19:8-15 }
                  (HsVar
                   (NoExtField)
                   (SrcSpanAnn (ApiAnnNotUsed) { DumpParsedAst.hs:19:8-15 }
                    (Unqual
                     {OccName: putStrLn}))))
                 ({ DumpParsedAst.hs:19:17-23 }
                  (HsLit
                   (ApiAnn
                    (NoApiAnns)
                    [])
                   (HsString
                    (SourceText
                     "\"hello\"")
                    {FastString: "hello"})))))))]
            ({ <no location info> }
             (EmptyLocalBinds
              (NoExtField))))))])
       (FromSource))
      [])))]
  (Nothing)
  (Nothing)))


