
==================== Renamer ====================

(Just
 ((,,,)
  (HsGroup
   (NoExtField)
   (XValBindsLR
    (NValBinds
     []
     []))
   []
   [(TyClGroup
     (NoExtField)
     [({ T14189.hs:6:1-42 }
       (DataDecl
        (DataDeclRn
         (True)
         {NameSet:
          [{Name: GHC.Types.Int}]})
        (SrcSpanAnn (ApiAnnNotUsed) { T14189.hs:6:6-11 }
         {Name: T14189.MyType})
        (HsQTvs
         []
         [])
        (Prefix)
        (HsDataDefn
         (NoExtField)
         (DataType)
         ({ <no location info> }
          [])
         (Nothing)
         (Nothing)
         [({ T14189.hs:6:15-20 }
           (ConDeclH98
            (NoExtField)
            (SrcSpanAnn (ApiAnnNotUsed) { T14189.hs:6:15-16 }
             {Name: T14189.MT})
            ({ <no location info> }
             (False))
            []
            (Nothing)
            (PrefixCon
             [(HsScaled
               (HsLinearArrow)
               ({ T14189.hs:6:18-20 }
                (HsTyVar
                 (NoExtField)
                 (NotPromoted)
                 ({ T14189.hs:6:18-20 }
                  {Name: GHC.Types.Int}))))])
            (Nothing)))
         ,({ T14189.hs:6:24-25 }
           (ConDeclH98
            (NoExtField)
            (SrcSpanAnn (ApiAnnNotUsed) { T14189.hs:6:24-25 }
             {Name: T14189.NT})
            ({ <no location info> }
             (False))
            []
            (Nothing)
            (PrefixCon
             [])
            (Nothing)))
         ,({ T14189.hs:6:29-42 }
           (ConDeclH98
            (NoExtField)
            (SrcSpanAnn (ApiAnnNotUsed) { T14189.hs:6:29 }
             {Name: T14189.F})
            ({ <no location info> }
             (False))
            []
            (Nothing)
            (RecCon
             ({ T14189.hs:6:31-42 }
              [({ T14189.hs:6:33-40 }
                (ConDeclField
                 (NoExtField)
                 [({ T14189.hs:6:33 }
                   (FieldOcc
                    {Name: T14189.f}
                    (SrcSpanAnn (ApiAnnNotUsed) { T14189.hs:6:33 }
                     (Unqual
                      {OccName: f}))))]
                 ({ T14189.hs:6:38-40 }
                  (HsTyVar
                   (ApiAnnNotUsed)
                   (NotPromoted)
                   (SrcSpanAnn (ApiAnnNotUsed) { T14189.hs:6:38-40 }
                    {Name: GHC.Types.Int})))
                 (Nothing)))]))
            (Nothing)))]
         ({ <no location info> }
          []))))]
     []
     []
     [])]
   []
   []
   []
   []
   []
   []
   []
   [])
  [({ T14189.hs:1:8-13 }
    (ImportDecl
     (NoExtField)
     (NoSourceText)
     ({ T14189.hs:1:8-13 }
      {ModuleName: Prelude})
     (Nothing)
     (NotBoot)
     (False)
     (NotQualified)
     (True)
     (Nothing)
     (Nothing)))]
  (Just
   [((,)
     ({ T14189.hs:3:3-15 }
      (IEThingWith
       (NoExtField)
       ({ T14189.hs:3:3-8 }
        (IEName
         (SrcSpanAnn (ApiAnnNotUsed) { T14189.hs:3:3-8 }
          {Name: T14189.MyType})))
       (NoIEWildcard)
       [({ T14189.hs:3:13-14 }
         (IEName
          (SrcSpanAnn (ApiAnnNotUsed) { T14189.hs:3:13-14 }
           {Name: T14189.NT})))]
       [({ T14189.hs:3:11 }
         (FieldLabel
          {FastString: "f"}
          (False)
          {Name: T14189.f}))]))
     [(AvailTC
       {Name: T14189.MyType}
       [{Name: T14189.MyType}
       ,{Name: T14189.NT}]
       [(FieldLabel
         {FastString: "f"}
         (False)
         {Name: T14189.f})])])])
  (Nothing)))


