
==================== Parser AST ====================

({ T15323.hs:1:1 }
 (HsModule
  (VirtualBraces
   (1))
  (Just
   ({ T15323.hs:3:8-13 }
    {ModuleName: T15323}))
  (Nothing)
  []
  [({ T15323.hs:(5,1)-(6,54) }
    (TyClD
     (NoExtField)
     (DataDecl
      (ApiAnn
       [(AddApiAnn AnnData { T15323.hs:5:1-4 })
       ,(AddApiAnn AnnWhere { T15323.hs:5:21-25 })]
       [(nnnnnnnn
         (AnnLineComment
          "parser has not filled in annotation commments properly here"))])
      (SrcSpanAnn (ApiAnnNotUsed) { T15323.hs:5:6-17 }
       (Unqual
        {OccName: MaybeDefault}))
      (HsQTvs
       (NoExtField)
       [({ T15323.hs:5:19 }
         (UserTyVar
          (NoExtField)
          (())
          ({ T15323.hs:5:19 }
           (Unqual
            {OccName: v}))))])
      (Prefix)
      (HsDataDefn
       (NoExtField)
       (DataType)
       ({ <no location info> }
        [])
       (Nothing)
       (Nothing)
       [({ T15323.hs:6:5-54 }
         (ConDeclGADT
          (NoExtField)
          [({ T15323.hs:6:5-14 }
            (Unqual
             {OccName: TestParens}))]
          ({ T15323.hs:6:20-54 }
           (True))
          [({ T15323.hs:6:27 }
            (UserTyVar
             (NoExtField)
             (SpecifiedSpec)
             ({ T15323.hs:6:27 }
              (Unqual
               {OccName: v}))))]
          (Just
           ({ T15323.hs:6:31-36 }
            [({ T15323.hs:6:31-36 }
              (HsParTy
               (NoExtField)
               ({ T15323.hs:6:32-35 }
                (HsAppTy
                 (NoExtField)
                 ({ T15323.hs:6:32-33 }
                  (HsTyVar
                   (NoExtField)
                   (NotPromoted)
                   ({ T15323.hs:6:32-33 }
                    (Unqual
                     {OccName: Eq}))))
                 ({ T15323.hs:6:35 }
                  (HsTyVar
                   (NoExtField)
                   (NotPromoted)
                   ({ T15323.hs:6:35 }
                    (Unqual
                     {OccName: v}))))))))]))
          (PrefixCon
           [])
          ({ T15323.hs:6:41-54 }
           (HsAppTy
            (NoExtField)
            ({ T15323.hs:6:41-52 }
             (HsTyVar
              (NoExtField)
              (NotPromoted)
              ({ T15323.hs:6:41-52 }
               (Unqual
                {OccName: MaybeDefault}))))
            ({ T15323.hs:6:54 }
             (HsTyVar
              (NoExtField)
              (NotPromoted)
              ({ T15323.hs:6:54 }
               (Unqual
                {OccName: v}))))))
          (Nothing)))]
       ({ <no location info> }
        [])))))]
  (Nothing)
  (Nothing)))


