
LinearConfusedDollar.hs:12:7: error:
    • Couldn't match type ‘'One’ with ‘'Many’
      Expected: a -> a
        Actual: a #-> a
    • In the first argument of ‘($)’, namely ‘f’
      In the expression: f $ x
      In an equation for ‘g’: g x = f $ x
